$ next build
▲ Next.js 16.2.6 (Turbopack)
- Environments: .env.local

  Creating an optimized production build ...
(node:40534) [DEP0205] DeprecationWarning: `module.register()` is deprecated. Use `module.registerHooks()` instead.
(Use `node --trace-deprecation ...` to show where the warning was created)
✓ Compiled successfully in 9.1s
  Skipping validation of types
  Finished TypeScript config validation in 28ms ...
  Collecting page data using 7 workers ...
✅ Environment variables validated successfully
Optional environment variables not set:
✅ Environment variables validated successfully
✅ Environment variables validated successfully
- REALROBO_AIRTEL_MONEY_SUB_OPERATOR_ID (Optional override for RealRobo sub_operator_id on Airtel Money lapu (11); default uses biller codes in realrobo-sub-operators.ts)
- REALROBO_LAPU_ID (RealRobo lapu_id sent on recharge requests)
- PLANAPI_USER_ID (planapi.in ApiUserID (operator/circle lookup))
- PLANAPI_API_PASSWORD (planapi.in ApiPassword (operator/circle lookup))
Optional environment variables not set:
- REALROBO_AIRTEL_MONEY_SUB_OPERATOR_ID (Optional override for RealRobo sub_operator_id on Airtel Money lapu (11); default uses biller codes in realrobo-sub-operators.ts)
- REALROBO_LAPU_ID (RealRobo lapu_id sent on recharge requests)
- PLANAPI_USER_ID (planapi.in ApiUserID (operator/circle lookup))
- PLANAPI_API_PASSWORD (planapi.in ApiPassword (operator/circle lookup))
Optional environment variables not set:
- REALROBO_AIRTEL_MONEY_SUB_OPERATOR_ID (Optional override for RealRobo sub_operator_id on Airtel Money lapu (11); default uses biller codes in realrobo-sub-operators.ts)
- REALROBO_LAPU_ID (RealRobo lapu_id sent on recharge requests)
- PLANAPI_USER_ID (planapi.in ApiUserID (operator/circle lookup))
- PLANAPI_API_PASSWORD (planapi.in ApiPassword (operator/circle lookup))
Optional environment variables not set:
- REALROBO_AIRTEL_MONEY_SUB_OPERATOR_ID (Optional override for RealRobo sub_operator_id on Airtel Money lapu (11); default uses biller codes in realrobo-sub-operators.ts)
- REALROBO_LAPU_ID (RealRobo lapu_id sent on recharge requests)
- PLANAPI_USER_ID (planapi.in ApiUserID (operator/circle lookup))
- PLANAPI_API_PASSWORD (planapi.in ApiPassword (operator/circle lookup))
Optional environment variables not set:
- REALROBO_AIRTEL_MONEY_SUB_OPERATOR_ID (Optional override for RealRobo sub_operator_id on Airtel Money lapu (11); default uses biller codes in realrobo-sub-operators.ts)
- REALROBO_LAPU_ID (RealRobo lapu_id sent on recharge requests)
- PLANAPI_USER_ID (planapi.in ApiUserID (operator/circle lookup))
- PLANAPI_API_PASSWORD (planapi.in ApiPassword (operator/circle lookup))
✅ Environment variables validated successfully
Optional environment variables not set:
✅ Environment variables validated successfully
- REALROBO_AIRTEL_MONEY_SUB_OPERATOR_ID (Optional override for RealRobo sub_operator_id on Airtel Money lapu (11); default uses biller codes in realrobo-sub-operators.ts)
- REALROBO_LAPU_ID (RealRobo lapu_id sent on recharge requests)
- PLANAPI_USER_ID (planapi.in ApiUserID (operator/circle lookup))
- PLANAPI_API_PASSWORD (planapi.in ApiPassword (operator/circle lookup))
✅ Environment variables validated successfully
✅ Environment variables validated successfully
Optional environment variables not set:
- REALROBO_AIRTEL_MONEY_SUB_OPERATOR_ID (Optional override for RealRobo sub_operator_id on Airtel Money lapu (11); default uses biller codes in realrobo-sub-operators.ts)
- REALROBO_LAPU_ID (RealRobo lapu_id sent on recharge requests)
- PLANAPI_USER_ID (planapi.in ApiUserID (operator/circle lookup))
- PLANAPI_API_PASSWORD (planapi.in ApiPassword (operator/circle lookup))
  Generating static pages using 7 workers (0/44) ...
(node:40551) ExperimentalWarning: localStorage is not available because --localstorage-file was not provided.
(Use `node --trace-warnings ...` to show where the warning was created)
(node:40550) ExperimentalWarning: localStorage is not available because --localstorage-file was not provided.
(Use `node --trace-warnings ...` to show where the warning was created)
  Generating static pages using 7 workers (11/44) 
  Generating static pages using 7 workers (22/44) 
  Generating static pages using 7 workers (33/44) 
✓ Generating static pages using 7 workers (44/44) in 9.9s
  Finalizing page optimization ...

Route (app)
┌ ƒ /
├ ○ /_not-found
├ ƒ /admin
├ ƒ /admin/api
├ ƒ /admin/approvals
├ ƒ /admin/commissions
├ ƒ /admin/earnings
├ ƒ /admin/funding
├ ƒ /admin/notifications
├ ƒ /admin/reports
├ ƒ /admin/reports/account
├ ƒ /admin/reports/distributor
├ ƒ /admin/reports/pending-recharge
├ ƒ /admin/reports/retailer
├ ƒ /admin/support
├ ƒ /admin/support/[id]
├ ƒ /admin/transactions
├ ƒ /admin/transactions/[id]
├ ƒ /admin/users
├ ƒ /admin/users/[id]
├ ƒ /distributor
├ ƒ /distributor/commissions
├ ƒ /distributor/earnings
├ ƒ /distributor/funds
├ ƒ /distributor/ledger
├ ƒ /distributor/notifications
├ ƒ /distributor/recharge
├ ƒ /distributor/recharge/confirmation
├ ƒ /distributor/retailers
├ ƒ /distributor/retailers/[id]
├ ƒ /distributor/retailers/add
├ ƒ /distributor/support
├ ƒ /distributor/support/[id]
├ ƒ /login
├ ○ /pending-approval
├ ƒ /profile
├ ○ /register
├ ○ /rejected
├ ƒ /retailer
├ ƒ /retailer/commissions
├ ƒ /retailer/earnings
├ ƒ /retailer/funds
├ ƒ /retailer/ledger
├ ƒ /retailer/notifications
├ ƒ /retailer/recharge
├ ƒ /retailer/recharge/confirmation
├ ƒ /retailer/support
└ ƒ /retailer/support/[id]


ƒ Proxy (Middleware)

○  (Static)   prerendered as static content
ƒ  (Dynamic)  server-rendered on demand

